// Jest Snapshot v1, https://goo.gl/fbAQLP

exports[`<Menu /> Tests should render correctly 1`] = `
<ul
  className="root"
>
  <div />
</ul>
`;
